// Jest Snapshot v1, https://goo.gl/fbAQLP

exports[`ItemMap Default Snapshot 1`] = `
<div
  className="item max-size"
  id="1event1slug"
>
  <a
    href="event1Url"
  >
    <div
      className="overlay"
    >
      <div
        className="title"
      >
        event 1
      </div>
      <div
        className="rating"
      >
        Attendees: 10
      </div>
      <div
        className="plot"
      >
        event1overview
      </div>
    </div>
  </a>
</div>
`;
