// Jest Snapshot v1, https://goo.gl/fbAQLP

exports[`EventHome Snapshot 1`] = `
<div>
  <header
    className="header"
  >
    <div
      className="nav-wide"
    >
      <div
        className="logo-component"
        id="logo"
      >
        <a
          href="/"
        >
          <img
            src=""
          />
        </a>
      </div>
      <div
        className="navigation"
        id="navigation"
      >
        <nav>
          <ul>
            <a
              onClick={[Function]}
              onKeyPress={[Function]}
              role="link"
              tabIndex="0"
            >
              <li>
                Search
              </li>
            </a>
            <a
              href="http://eventol.github.io/eventoL/#/"
            >
              <li>
                Documentation
              </li>
            </a>
            <a
              href="#featured"
            >
              <li>
                Featured
              </li>
            </a>
            <a
              href="#recent"
            >
              <li>
                Recent
              </li>
            </a>
            <a
              href="/report"
            >
              <li>
                Generic report
              </li>
            </a>
          </ul>
        </nav>
      </div>
      <div
        className="user-profile"
      >
        <a
          href="/accounts/profile/"
        >
          <div
            className="user"
          >
            <div
              className="name"
            >
              undefined undefined
            </div>
            <div
              className="image"
            >
              <div
                className="fa fa-user fa-2x"
              />
            </div>
          </div>
        </a>
      </div>
    </div>
  </header>
  <div
    className="hero"
    id="hero"
    style={
      Object {
        "backgroundImage": "url()",
      }
    }
  >
    <div
      className="content"
    >
      <p>
        <img
          alt="logo"
          className="logo"
          src=""
        />
      </p>
      <h2>
        Search your event
      </h2>
      <div
        className="search"
        id="search"
      >
        <input
          id="search-input"
          onChange={[Function]}
          onKeyUp={[Function]}
          placeholder="Search by title..."
          type="search"
          value=""
        />
      </div>
    </div>
    <div
      className="overlay"
    />
  </div>
</div>
`;
