// Jest Snapshot v1, https://goo.gl/fbAQLP

exports[`Navigation Default Snapshot 1`] = `
<div
  className="navigation"
  id="navigation"
>
  <nav>
    <ul>
      <button
        onClick={[Function]}
        onKeyPress={[Function]}
        role="link"
        tabIndex="0"
        type="button"
      >
        <li>
          Search
        </li>
      </button>
      <a
        href="http://eventol.github.io/eventoL/#/"
      >
        <li>
          Documentation
        </li>
      </a>
      <a
        href="#featured"
      >
        <li>
          Featured
        </li>
      </a>
      <a
        href="#recent"
      >
        <li>
          Recent
        </li>
      </a>
      <a
        href="/report"
      >
        <li>
          Generic report
        </li>
      </a>
    </ul>
  </nav>
</div>
`;
